// Jest Snapshot v1, https://goo.gl/fbAQLP

exports[`valid path 1`] = `
Array [
  "tests",
  "fixtures",
  "basic",
  "types.ts",
]
`;
